// Jest Snapshot v1, https://goo.gl/fbAQLP

exports[`<CartEndereço /> should render the heading 1`] = `
<main
  class=""
>
  <h1>
    CartEndereço
  </h1>
</main>
`
