// Jest Snapshot v1, https://goo.gl/fbAQLP

exports[`<OrdersList /> should render the heading 1`] = `
<main
  class=""
>
  <h1>
    OrdersList
  </h1>
</main>
`
