// Jest Snapshot v1, https://goo.gl/fbAQLP

exports[`<TextField /> Renders with error 1`] = `
.c4 {
  display: -webkit-box;
  display: -webkit-flex;
  display: -ms-flexbox;
  display: flex;
  background: #FFFFFF;
  opacity: 60%;
  border-radius: 0.4rem;
  padding: 0 1.6rem;
  border: 0.05rem solid;
  border-color: #939393;
}

.c4:focus-within {
  box-shadow: 0 0 0.5rem #FFFFFF;
}

.c6 {
  color: #EF2F2F;
  font-size: 1.2rem;
}

.c5 {
  color: #030517;
  font-family: Poppins,-apple-system,BlinkMacSystemFont,'Segoe UI',Roboto,Oxygen,Ubuntu,Cantarell,'Open Sans','Helvetica Neue',sans-serif;
  font-size: 1.6rem;
  padding: 0.55rem 0;
  background: transparent;
  border: 0;
  outline: none;
  width: 100%;
}

.c2 {
  font-size: 1.4rem;
  color: #030517;
  cursor: pointer;
}

.c0 .c3 {
  border-color: #EF2F2F;
}

.c0 .c1 {
  color: #EF2F2F;
}

<div
  class="c0"
>
  <label
    class="c1 c2"
    for="TextField"
  >
    TextField
  </label>
  <div
    class="c3 c4"
  >
    <input
      class="c5"
      type="text"
      value=""
    />
  </div>
  <p
    class="c6"
  >
    Error message
  </p>
</div>
`
