// Jest Snapshot v1, https://goo.gl/fbAQLP

exports[`<CartList /> should render the cart list 1`] = `
.c9 {
  display: -webkit-box;
  display: -webkit-flex;
  display: -ms-flexbox;
  display: flex;
  -webkit-align-items: center;
  -webkit-box-align: center;
  -ms-flex-align: center;
  align-items: center;
  -webkit-box-pack: center;
  -webkit-justify-content: center;
  -ms-flex-pack: center;
  justify-content: center;
}

.c9 > button {
  background: #9A9A9A;
  font-weight: 500;
  color: #fff;
  font-size: 2rem;
  border-radius: 3rem;
  border: none;
  cursor: pointer;
}

.c9 > input {
  border: 0;
  text-align: center;
  font-size: 1.5rem;
  cursor: pointer;
}

.c9 > input:focus {
  box-shadow: 0 0 0 0;
  border: 0 none;
  outline: 0;
}

.c9 > input[type='number']::-webkit-outer-spin-button,
.c9 input[type='number']::-webkit-inner-spin-button {
  -webkit-appearance: none;
  margin: 0;
}

.c9 > input[type='number'] {
  -moz-appearance: textfield;
}

.c9 > button {
  width: 2rem;
  height: 2rem;
  font-size: 1.5rem;
}

.c9 > input {
  width: 4rem;
  font-size: 1.3rem;
}

.c2 {
  width: 100%;
  padding: 2.4rem;
  border-bottom: 0.1rem solid #D6D6D6;
}

.c3 {
  display: -webkit-box;
  display: -webkit-flex;
  display: -ms-flexbox;
  display: flex;
}

.c4 {
  -webkit-flex-shrink: 0;
  -ms-flex-negative: 0;
  flex-shrink: 0;
  margin-right: 1.5rem;
  width: 5rem;
  height: 5.5rem;
}

.c4 img {
  width: 100%;
  height: 100%;
  object-fit: cover;
}

.c5 {
  display: -webkit-box;
  display: -webkit-flex;
  display: -ms-flexbox;
  display: flex;
  -webkit-box-pack: start;
  -webkit-justify-content: flex-start;
  -ms-flex-pack: start;
  justify-content: flex-start;
  -webkit-flex-direction: column;
  -ms-flex-direction: column;
  flex-direction: column;
}

.c6 {
  font-size: 1.6rem;
  color: #212529;
  font-weight: 400;
  width: 30.5rem;
  line-height: 2.5rem;
  overflow: hidden;
  text-overflow: ellipsis;
  -webkit-box-orient: vertical;
  display: -webkit-box;
  -webkit-line-clamp: 4;
}

.c7 {
  font-size: 2rem;
  color: #212529;
  font-weight: 500;
}

.c8 {
  display: -webkit-box;
  display: -webkit-flex;
  display: -ms-flexbox;
  display: flex;
  -webkit-box-flex: 1;
  -webkit-flex-grow: 1;
  -ms-flex-positive: 1;
  flex-grow: 1;
  -webkit-box-pack: end;
  -webkit-justify-content: flex-end;
  -ms-flex-pack: end;
  justify-content: flex-end;
}

.c0 {
  width: 100%;
  background: #FFFFFF;
  display: -webkit-box;
  display: -webkit-flex;
  display: -ms-flexbox;
  display: flex;
  -webkit-flex-direction: column;
  -ms-flex-direction: column;
  flex-direction: column;
}

.c1 {
  max-height: 40rem;
  overflow-y: auto;
}

.c10 {
  display: -webkit-box;
  display: -webkit-flex;
  display: -ms-flexbox;
  display: flex;
  -webkit-box-flex: 1;
  -webkit-flex-grow: 1;
  -ms-flex-positive: 1;
  flex-grow: 1;
  background: #fbfbfb;
}

.c11 {
  color: #212529;
  font-weight: 700;
  font-size: 1.4rem;
  padding: 2rem;
}

.c12 {
  display: -webkit-box;
  display: -webkit-flex;
  display: -ms-flexbox;
  display: flex;
  -webkit-box-flex: 1;
  -webkit-flex-grow: 1;
  -ms-flex-positive: 1;
  flex-grow: 1;
  -webkit-box-pack: end;
  -webkit-justify-content: flex-end;
  -ms-flex-pack: end;
  justify-content: flex-end;
  color: #212529;
  font-weight: 700;
  font-size: 1.4rem;
  padding: 2rem;
}

@media (max-width:768px) {
  .c2 {
    padding: 1.6rem 0.5rem;
  }
}

@media (min-width:768px) {
  .c4 {
    margin-right: 1.6rem;
    width: 8.1rem;
    height: 7.5rem;
  }
}

@media (max-width:768px) {
  .c6 {
    width: 13.9rem;
    font-size: 1.2rem;
    line-height: 1.6rem;
  }
}

@media (max-width:450px) {
  .c6 {
    max-width: 26rem;
  }
}

@media (max-width:768px) {
  .c7 {
    font-size: 1.4rem;
  }
}

@media (max-width:768px) {
  .c10 {
    background: none;
    font-size: 1.6rem;
  }
}

@media (min-width:768px) {
  .c11 {
    font-size: 1.6rem;
    padding: 2.4rem;
  }
}

@media (min-width:768px) {
  .c12 {
    font-size: 1.6rem;
    padding: 2.4rem;
  }
}

<main
  class="c0"
>
  <div
    class="c1"
  >
    <div
      class="c2"
    >
      <div
        class="c3"
      >
        <div
          class="c4"
        >
          <img
            alt="Creme de leite original uht 200g"
            src="https://source.unsplash.com/user/willianjusten/300x140"
          />
        </div>
        <div
          class="c5"
        >
          <h3
            class="c6"
          >
            Creme de leite original uht 200g
          </h3>
          <h3
            class="c7"
          >
            R$ 3,69
          </h3>
        </div>
        <div
          class="c8"
        >
          <div
            class="c9"
          >
            <button
              aria-label="diminuir"
            >
              -
            </button>
            <input
              type="number"
              value="1"
            />
            <button
              aria-label="aumentar"
            >
              +
            </button>
          </div>
        </div>
      </div>
    </div>
    <div
      class="c2"
    >
      <div
        class="c3"
      >
        <div
          class="c4"
        >
          <img
            alt="Bolacha recheada chocolate 126g"
            src="https://source.unsplash.com/user/willianjusten/300x141"
          />
        </div>
        <div
          class="c5"
        >
          <h3
            class="c6"
          >
            Bolacha recheada chocolate 126g
          </h3>
          <h3
            class="c7"
          >
            R$ 2,49
          </h3>
        </div>
        <div
          class="c8"
        >
          <div
            class="c9"
          >
            <button
              aria-label="diminuir"
            >
              -
            </button>
            <input
              type="number"
              value="1"
            />
            <button
              aria-label="aumentar"
            >
              +
            </button>
          </div>
        </div>
      </div>
    </div>
  </div>
  <div
    class="c10"
  >
    <h1
      class="c11"
    >
      Total
    </h1>
    <span
      class="c12"
    >
      R$ 330,00
    </span>
  </div>
</main>
`
